
> frontend@0.0.0 build
> vite build

vite v8.0.8 building client environment for production...
[2Ktransforming...✓ 2996 modules transformed.
rendering chunks...
✗ Build failed in 1.36s
error during build:
Build failed with 1 error:

[31m[MISSING_EXPORT] Error:[0m "useWebSocket" is not exported by "src/hooks/useWebSocket.js".
   [38;5;246m╭[0m[38;5;246m─[0m[38;5;246m[[0m src/pages/ChatRoom.jsx:3:10 [38;5;246m][0m
   [38;5;246m│[0m
 [38;5;246m3 │[0m [38;5;249mi[0m[38;5;249mm[0m[38;5;249mp[0m[38;5;249mo[0m[38;5;249mr[0m[38;5;249mt[0m[38;5;249m [0m[38;5;249m{[0m[38;5;249m [0museWebSocket[38;5;249m [0m[38;5;249m}[0m[38;5;249m [0m[38;5;249mf[0m[38;5;249mr[0m[38;5;249mo[0m[38;5;249mm[0m[38;5;249m [0m[38;5;249m"[0m[38;5;249m.[0m[38;5;249m.[0m[38;5;249m/[0m[38;5;249mh[0m[38;5;249mo[0m[38;5;249mo[0m[38;5;249mk[0m[38;5;249ms[0m[38;5;249m/[0m[38;5;249mu[0m[38;5;249ms[0m[38;5;249me[0m[38;5;249mW[0m[38;5;249me[0m[38;5;249mb[0m[38;5;249mS[0m[38;5;249mo[0m[38;5;249mc[0m[38;5;249mk[0m[38;5;249me[0m[38;5;249mt[0m[38;5;249m"[0m[38;5;249m;[0m
 [38;5;240m  │[0m          ──────┬─────  
 [38;5;240m  │[0m                ╰─────── Missing export
[38;5;246m───╯[0m

    at aggregateBindingErrorsIntoJsError (file:///home/affan/File%20Saya/Project/Agent_Ai/frontend/node_modules/rolldown/dist/shared/error-w0u7biK-.mjs:48:18)
    at unwrapBindingResult (file:///home/affan/File%20Saya/Project/Agent_Ai/frontend/node_modules/rolldown/dist/shared/error-w0u7biK-.mjs:18:128)
    at #build (file:///home/affan/File%20Saya/Project/Agent_Ai/frontend/node_modules/rolldown/dist/shared/rolldown-build-DtGk-m96.mjs:3313:34)
    at async buildEnvironment (file:///home/affan/File%20Saya/Project/Agent_Ai/frontend/node_modules/vite/dist/node/chunks/node.js:32954:64)
    at async Object.build (file:///home/affan/File%20Saya/Project/Agent_Ai/frontend/node_modules/vite/dist/node/chunks/node.js:33376:19)
    at async Object.buildApp (file:///home/affan/File%20Saya/Project/Agent_Ai/frontend/node_modules/vite/dist/node/chunks/node.js:33373:153)
    at async CAC.<anonymous> (file:///home/affan/File%20Saya/Project/Agent_Ai/frontend/node_modules/vite/dist/node/cli.js:778:3) {
  errors: [Getter/Setter]
}
